Archive member included to satisfy reference by file (symbol)

c:/program files (x86)/atmel/studio/7.0/toolchain/arm/arm-gnu-toolchain/bin/../lib/gcc/arm-none-eabi/6.3.1/thumb/v6-m\libgcc.a(_udivsi3.o)
                              hpl/core/hpl_core_m0plus_base.o (__aeabi_uidiv)
c:/program files (x86)/atmel/studio/7.0/toolchain/arm/arm-gnu-toolchain/bin/../lib/gcc/arm-none-eabi/6.3.1/thumb/v6-m\libgcc.a(_divsi3.o)
                              hal/src/hal_adc_sync.o (__aeabi_idivmod)
c:/program files (x86)/atmel/studio/7.0/toolchain/arm/arm-gnu-toolchain/bin/../lib/gcc/arm-none-eabi/6.3.1/thumb/v6-m\libgcc.a(_dvmd_tls.o)
                              c:/program files (x86)/atmel/studio/7.0/toolchain/arm/arm-gnu-toolchain/bin/../lib/gcc/arm-none-eabi/6.3.1/thumb/v6-m\libgcc.a(_udivsi3.o) (__aeabi_idiv0)
c:/program files (x86)/atmel/studio/7.0/toolchain/arm/arm-gnu-toolchain/bin/../lib/gcc/arm-none-eabi/6.3.1/thumb/v6-m\libgcc.a(_aeabi_uldivmod.o)
                              hpl/sercom/hpl_sercom.o (__aeabi_uldivmod)
c:/program files (x86)/atmel/studio/7.0/toolchain/arm/arm-gnu-toolchain/bin/../lib/gcc/arm-none-eabi/6.3.1/thumb/v6-m\libgcc.a(_muldi3.o)
                              hpl/sercom/hpl_sercom.o (__aeabi_lmul)
c:/program files (x86)/atmel/studio/7.0/toolchain/arm/arm-gnu-toolchain/bin/../lib/gcc/arm-none-eabi/6.3.1/thumb/v6-m\libgcc.a(_ffssi2.o)
                              hpl/eic/hpl_eic.o (__ffssi2)
c:/program files (x86)/atmel/studio/7.0/toolchain/arm/arm-gnu-toolchain/bin/../lib/gcc/arm-none-eabi/6.3.1/thumb/v6-m\libgcc.a(_fixunsdfsi.o)
                              hpl/sercom/hpl_sercom.o (__aeabi_d2uiz)
c:/program files (x86)/atmel/studio/7.0/toolchain/arm/arm-gnu-toolchain/bin/../lib/gcc/arm-none-eabi/6.3.1/thumb/v6-m\libgcc.a(_udivmoddi4.o)
                              c:/program files (x86)/atmel/studio/7.0/toolchain/arm/arm-gnu-toolchain/bin/../lib/gcc/arm-none-eabi/6.3.1/thumb/v6-m\libgcc.a(_aeabi_uldivmod.o) (__udivmoddi4)
c:/program files (x86)/atmel/studio/7.0/toolchain/arm/arm-gnu-toolchain/bin/../lib/gcc/arm-none-eabi/6.3.1/thumb/v6-m\libgcc.a(divdf3.o)
                              hpl/sercom/hpl_sercom.o (__aeabi_ddiv)
c:/program files (x86)/atmel/studio/7.0/toolchain/arm/arm-gnu-toolchain/bin/../lib/gcc/arm-none-eabi/6.3.1/thumb/v6-m\libgcc.a(muldf3.o)
                              hpl/sercom/hpl_sercom.o (__aeabi_dmul)
c:/program files (x86)/atmel/studio/7.0/toolchain/arm/arm-gnu-toolchain/bin/../lib/gcc/arm-none-eabi/6.3.1/thumb/v6-m\libgcc.a(subdf3.o)
                              hpl/sercom/hpl_sercom.o (__aeabi_dsub)
c:/program files (x86)/atmel/studio/7.0/toolchain/arm/arm-gnu-toolchain/bin/../lib/gcc/arm-none-eabi/6.3.1/thumb/v6-m\libgcc.a(fixdfsi.o)
                              c:/program files (x86)/atmel/studio/7.0/toolchain/arm/arm-gnu-toolchain/bin/../lib/gcc/arm-none-eabi/6.3.1/thumb/v6-m\libgcc.a(_fixunsdfsi.o) (__aeabi_d2iz)
c:/program files (x86)/atmel/studio/7.0/toolchain/arm/arm-gnu-toolchain/bin/../lib/gcc/arm-none-eabi/6.3.1/thumb/v6-m\libgcc.a(floatsidf.o)
                              hpl/sercom/hpl_sercom.o (__aeabi_i2d)
c:/program files (x86)/atmel/studio/7.0/toolchain/arm/arm-gnu-toolchain/bin/../lib/gcc/arm-none-eabi/6.3.1/thumb/v6-m\libgcc.a(floatunsidf.o)
                              hpl/sercom/hpl_sercom.o (__aeabi_ui2d)
c:/program files (x86)/atmel/studio/7.0/toolchain/arm/arm-gnu-toolchain/bin/../lib/gcc/arm-none-eabi/6.3.1/thumb/v6-m\libgcc.a(_arm_cmpdf2.o)
                              c:/program files (x86)/atmel/studio/7.0/toolchain/arm/arm-gnu-toolchain/bin/../lib/gcc/arm-none-eabi/6.3.1/thumb/v6-m\libgcc.a(_fixunsdfsi.o) (__aeabi_dcmpge)
c:/program files (x86)/atmel/studio/7.0/toolchain/arm/arm-gnu-toolchain/bin/../lib/gcc/arm-none-eabi/6.3.1/thumb/v6-m\libgcc.a(_clzsi2.o)
                              c:/program files (x86)/atmel/studio/7.0/toolchain/arm/arm-gnu-toolchain/bin/../lib/gcc/arm-none-eabi/6.3.1/thumb/v6-m\libgcc.a(divdf3.o) (__clzsi2)
c:/program files (x86)/atmel/studio/7.0/toolchain/arm/arm-gnu-toolchain/bin/../lib/gcc/arm-none-eabi/6.3.1/thumb/v6-m\libgcc.a(_clzdi2.o)
                              c:/program files (x86)/atmel/studio/7.0/toolchain/arm/arm-gnu-toolchain/bin/../lib/gcc/arm-none-eabi/6.3.1/thumb/v6-m\libgcc.a(_udivmoddi4.o) (__clzdi2)
c:/program files (x86)/atmel/studio/7.0/toolchain/arm/arm-gnu-toolchain/bin/../lib/gcc/arm-none-eabi/6.3.1/thumb/v6-m\libgcc.a(_ctzsi2.o)
                              c:/program files (x86)/atmel/studio/7.0/toolchain/arm/arm-gnu-toolchain/bin/../lib/gcc/arm-none-eabi/6.3.1/thumb/v6-m\libgcc.a(_ffssi2.o) (__ctzsi2)
c:/program files (x86)/atmel/studio/7.0/toolchain/arm/arm-gnu-toolchain/bin/../lib/gcc/arm-none-eabi/6.3.1/thumb/v6-m\libgcc.a(eqdf2.o)
                              c:/program files (x86)/atmel/studio/7.0/toolchain/arm/arm-gnu-toolchain/bin/../lib/gcc/arm-none-eabi/6.3.1/thumb/v6-m\libgcc.a(_arm_cmpdf2.o) (__eqdf2)
[...]
Memory Configuration

Name             Origin             Length             Attributes
rom              0x00000000         0x00040000         xr
ram              0x20000000         0x00008000         xrw
*default*        0x00000000         0xffffffff

Linker script and memory map

LOAD c:/program files (x86)/atmel/studio/7.0/toolchain/arm/arm-gnu-toolchain/bin/../lib/gcc/arm-none-eabi/6.3.1/thumb/v6-m/crti.o
LOAD c:/program files (x86)/atmel/studio/7.0/toolchain/arm/arm-gnu-toolchain/bin/../lib/gcc/arm-none-eabi/6.3.1/thumb/v6-m/crtbegin.o
LOAD c:/program files (x86)/atmel/studio/7.0/toolchain/arm/arm-gnu-toolchain/bin/../lib/gcc/arm-none-eabi/6.3.1/../../../../arm-none-eabi/lib/thumb/v6-m/crt0.o
LOAD atmel_start.o
LOAD Device_Startup/startup_saml22.o
LOAD Device_Startup/system_saml22.o
LOAD driver_init.o
LOAD examples/driver_examples.o
LOAD hal/src/hal_adc_sync.o
LOAD hal/src/hal_atomic.o
LOAD hal/src/hal_calendar.o
LOAD hal/src/hal_delay.o
LOAD hal/src/hal_ext_irq.o
LOAD hal/src/hal_gpio.o
LOAD hal/src/hal_i2c_m_sync.o
LOAD hal/src/hal_init.o
LOAD hal/src/hal_io.o
LOAD hal/src/hal_pwm.o
LOAD hal/src/hal_slcd_sync.o
LOAD hal/src/hal_sleep.o
LOAD hal/utils/src/utils_assert.o
LOAD hal/utils/src/utils_event.o
LOAD hal/utils/src/utils_list.o
LOAD hal/utils/src/utils_syscalls.o
LOAD hpl/adc/hpl_adc.o
LOAD hpl/core/hpl_core_m0plus_base.o
LOAD hpl/core/hpl_init.o
LOAD hpl/dmac/hpl_dmac.o
LOAD hpl/eic/hpl_eic.o
LOAD hpl/gclk/hpl_gclk.o
LOAD hpl/mclk/hpl_mclk.o
LOAD hpl/osc32kctrl/hpl_osc32kctrl.o
LOAD hpl/oscctrl/hpl_oscctrl.o
LOAD hpl/pm/hpl_pm.o
LOAD hpl/rtc/hpl_rtc.o
LOAD hpl/sercom/hpl_sercom.o
LOAD hpl/slcd/hpl_slcd.o
LOAD hpl/systick/hpl_systick.o
LOAD hpl/tcc/hpl_tcc.o
LOAD hpl/tc/hpl_tc.o
LOAD main.o
LOAD sleep_manager/sleep_manager.o
LOAD sleep_manager_main.o
LOAD watch-library/watch.o
START GROUP
LOAD c:/program files (x86)/atmel/studio/7.0/toolchain/arm/arm-gnu-toolchain/bin/../lib/gcc/arm-none-eabi/6.3.1/../../../../arm-none-eabi/lib/thumb/v6-m\libm.a
END GROUP
START GROUP
LOAD c:/program files (x86)/atmel/studio/7.0/toolchain/arm/arm-gnu-toolchain/bin/../lib/gcc/arm-none-eabi/6.3.1/thumb/v6-m\libgcc.a
LOAD c:/program files (x86)/atmel/studio/7.0/toolchain/arm/arm-gnu-toolchain/bin/../lib/gcc/arm-none-eabi/6.3.1/../../../../arm-none-eabi/lib/thumb/v6-m\libc_nano.a
END GROUP
START GROUP
LOAD c:/program files (x86)/atmel/studio/7.0/toolchain/arm/arm-gnu-toolchain/bin/../lib/gcc/arm-none-eabi/6.3.1/thumb/v6-m\libgcc.a
LOAD c:/program files (x86)/atmel/studio/7.0/toolchain/arm/arm-gnu-toolchain/bin/../lib/gcc/arm-none-eabi/6.3.1/../../../../arm-none-eabi/lib/thumb/v6-m\libc_nano.a
END GROUP
LOAD c:/program files (x86)/atmel/studio/7.0/toolchain/arm/arm-gnu-toolchain/bin/../lib/gcc/arm-none-eabi/6.3.1/thumb/v6-m/crtend.o
LOAD c:/program files (x86)/atmel/studio/7.0/toolchain/arm/arm-gnu-toolchain/bin/../lib/gcc/arm-none-eabi/6.3.1/thumb/v6-m/crtn.o
                0x00002000                STACK_SIZE = DEFINED (STACK_SIZE)?STACK_SIZE:DEFINED (__stack_size__)?__stack_size__:0x2000

.text           0x00000000     0x2140
                0x00000000                . = ALIGN (0x4)
                0x00000000                _sfixed = .
 *(.vectors .vectors.*)
 .vectors       0x00000000       0xa8 Device_Startup/startup_saml22.o
                0x00000000                exception_table
 *(.text .text.* .gnu.linkonce.t.*)
 .text          0x000000a8       0x60 c:/program files (x86)/atmel/studio/7.0/toolchain/arm/arm-gnu-toolchain/bin/../lib/gcc/arm-none-eabi/6.3.1/thumb/v6-m/crtbegin.o
 .text.atmel_start_init
                0x00000108       0x14 atmel_start.o
                0x00000108                atmel_start_init
 .text.Dummy_Handler
                0x0000011c        0x2 Device_Startup/startup_saml22.o
                0x0000011c                SVCall_Handler
                0x0000011c                DMAC_Handler
                0x0000011c                TRNG_Handler
                0x0000011c                HardFault_Handler
                0x0000011c                TC2_Handler
                0x0000011c                AC_Handler
                0x0000011c                SysTick_Handler
                0x0000011c                PendSV_Handler
                0x0000011c                SERCOM1_Handler
                0x0000011c                ADC_Handler
                0x0000011c                NonMaskableInt_Handler
                0x0000011c                SERCOM2_Handler
                0x0000011c                WDT_Handler
                0x0000011c                TC1_Handler
                0x0000011c                USB_Handler
                0x0000011c                Dummy_Handler
                0x0000011c                EVSYS_Handler
                0x0000011c                SERCOM3_Handler
                0x0000011c                NVMCTRL_Handler
                0x0000011c                SYSTEM_Handler
                0x0000011c                SERCOM0_Handler
                0x0000011c                PTC_Handler
                0x0000011c                FREQM_Handler
                0x0000011c                TC0_Handler
                0x0000011c                SLCD_Handler
                0x0000011c                AES_Handler
 *fill*         0x0000011e        0x2 
 .text.Reset_Handler
                0x00000120       0x68 Device_Startup/startup_saml22.o
                0x00000120                Reset_Handler
 .text.CALENDAR_0_CLOCK_init
                0x00000188       0x14 driver_init.o
                0x00000188                CALENDAR_0_CLOCK_init
 .text.CALENDAR_0_init
                0x0000019c       0x20 driver_init.o
                0x0000019c                CALENDAR_0_init
 .text.I2C_0_PORT_init
                0x000001bc       0x54 driver_init.o
                0x000001bc                I2C_0_PORT_init
 .text.I2C_0_CLOCK_init
                0x00000210       0x24 driver_init.o
                0x00000210                I2C_0_CLOCK_init
 .text.I2C_0_init
                0x00000234       0x28 driver_init.o
                0x00000234                I2C_0_init
 .text.delay_driver_init
                0x0000025c       0x14 driver_init.o
                0x0000025c                delay_driver_init
 .text.PWM_0_PORT_init
                0x00000270       0x44 driver_init.o
                0x00000270                PWM_0_PORT_init
 .text.PWM_0_CLOCK_init
                0x000002b4       0x20 driver_init.o
                0x000002b4                PWM_0_CLOCK_init
 .text.PWM_0_init
                0x000002d4       0x34 driver_init.o
                0x000002d4                PWM_0_init
 .text.system_init
                0x00000308       0x94 driver_init.o
                0x00000308                system_init
 .text.leap_year
                0x0000039c        0xc hal/src/hal_calendar.o
 .text.get_secs_in_month
                0x000003a8       0x64 hal/src/hal_calendar.o
 .text.convert_timestamp_to_datetime
                0x0000040c       0xac hal/src/hal_calendar.o
 .text.convert_datetime_to_timestamp
                0x000004b8       0xb8 hal/src/hal_calendar.o
 .text.calibrate_timestamp
                0x00000570       0x80 hal/src/hal_calendar.o
 .text.fill_alarm
                0x000005f0       0xc4 hal/src/hal_calendar.o
 .text.calendar_init
                0x000006b4       0x48 hal/src/hal_calendar.o
                0x000006b4                calendar_init
 .text.calendar_enable
                0x000006fc       0x2c hal/src/hal_calendar.o
                0x000006fc                calendar_enable
 .text.calendar_set_time
                0x00000728       0x64 hal/src/hal_calendar.o
                0x00000728                calendar_set_time
 .text.calendar_set_date
                0x0000078c       0x64 hal/src/hal_calendar.o
                0x0000078c                calendar_set_date
 .text.calendar_get_date_time
                0x000007f0       0x3c hal/src/hal_calendar.o
                0x000007f0                calendar_get_date_time
 .text.delay_init
                0x0000082c       0x14 hal/src/hal_delay.o
                0x0000082c                delay_init
 .text.i2c_m_sync_write
                0x00000840       0x34 hal/src/hal_i2c_m_sync.o
 .text.i2c_m_sync_read
                0x00000874       0x34 hal/src/hal_i2c_m_sync.o
 .text.i2c_m_sync_init
                0x000008a8       0x40 hal/src/hal_i2c_m_sync.o
                0x000008a8                i2c_m_sync_init
 .text.i2c_m_sync_enable
                0x000008e8        0xc hal/src/hal_i2c_m_sync.o
                0x000008e8                i2c_m_sync_enable
 .text.i2c_m_sync_set_slaveaddr
                0x000008f4       0x12 hal/src/hal_i2c_m_sync.o
                0x000008f4                i2c_m_sync_set_slaveaddr
 .text.i2c_m_sync_get_io_descriptor
                0x00000906        0x8 hal/src/hal_i2c_m_sync.o
                0x00000906                i2c_m_sync_get_io_descriptor
 *fill*         0x0000090e        0x2 
 .text.io_write
                0x00000910       0x38 hal/src/hal_io.o
                0x00000910                io_write
 .text.io_read  0x00000948       0x38 hal/src/hal_io.o
                0x00000948                io_read
 .text.pwm_period_expired
                0x00000980        0xc hal/src/hal_pwm.o
 .text.pwm_detect_fault
                0x0000098c        0xc hal/src/hal_pwm.o
 .text.pwm_init
                0x00000998       0x50 hal/src/hal_pwm.o
                0x00000998                pwm_init
 .text.pwm_enable
                0x000009e8       0x44 hal/src/hal_pwm.o
                0x000009e8                pwm_enable
 .text.pwm_set_parameters
                0x00000a2c       0x3c hal/src/hal_pwm.o
                0x00000a2c                pwm_set_parameters
 .text.assert   0x00000a68        0x8 hal/utils/src/utils_assert.o
                0x00000a68                assert
 .text.event_subscribe
                0x00000a70       0x88 hal/utils/src/utils_event.o
                0x00000a70                event_subscribe
 .text.is_list_element
                0x00000af8       0x16 hal/utils/src/utils_list.o
                0x00000af8                is_list_element
 *fill*         0x00000b0e        0x2 
 .text.list_insert_as_head
                0x00000b10       0x2c hal/utils/src/utils_list.o
                0x00000b10                list_insert_as_head
 .text._init_chip
                0x00000b3c       0x44 hpl/core/hpl_init.o
                0x00000b3c                _init_chip
 .text._ext_irq_handler
                0x00000b80       0xb4 hpl/eic/hpl_eic.o
 .text.EIC_Handler
                0x00000c34        0xc hpl/eic/hpl_eic.o
                0x00000c34                EIC_Handler
 .text._gclk_init_generators_by_fref
                0x00000c40       0x38 hpl/gclk/hpl_gclk.o
                0x00000c40                _gclk_init_generators_by_fref
 .text._mclk_init
                0x00000c78       0x10 hpl/mclk/hpl_mclk.o
                0x00000c78                _mclk_init
 .text._osc32kctrl_init_sources
                0x00000c88       0x24 hpl/osc32kctrl/hpl_osc32kctrl.o
                0x00000c88                _osc32kctrl_init_sources
 .text._oscctrl_init_sources
                0x00000cac       0x38 hpl/oscctrl/hpl_oscctrl.o
                0x00000cac                _oscctrl_init_sources
 .text._oscctrl_init_referenced_generators
                0x00000ce4        0x2 hpl/oscctrl/hpl_oscctrl.o
                0x00000ce4                _oscctrl_init_referenced_generators
 *fill*         0x00000ce6        0x2 
 .text._set_performance_level
                0x00000ce8       0x2c hpl/pm/hpl_pm.o
                0x00000ce8                _set_performance_level
 .text._rtc_interrupt_handler
                0x00000d14       0x32 hpl/rtc/hpl_rtc.o
 *fill*         0x00000d46        0x2 
 .text._calendar_init
                0x00000d48       0x90 hpl/rtc/hpl_rtc.o
                0x00000d48                _calendar_init
 .text._calendar_enable
                0x00000dd8       0x44 hpl/rtc/hpl_rtc.o
                0x00000dd8                _calendar_enable
 .text._calendar_set_counter
                0x00000e1c       0x38 hpl/rtc/hpl_rtc.o
                0x00000e1c                _calendar_set_counter
 .text._calendar_get_counter
                0x00000e54       0x34 hpl/rtc/hpl_rtc.o
                0x00000e54                _calendar_get_counter
 .text.RTC_Handler
                0x00000e88       0x14 hpl/rtc/hpl_rtc.o
                0x00000e88                RTC_Handler
 .text._sercom_get_hardware_index
                0x00000e9c       0x10 hpl/sercom/hpl_sercom.o
 .text._get_i2cm_index
                0x00000eac       0x48 hpl/sercom/hpl_sercom.o
 .text._i2c_m_sync_init_impl
                0x00000ef4       0xcc hpl/sercom/hpl_sercom.o
 .text._sercom_i2c_sync_send_address
                0x00000fc0      0x270 hpl/sercom/hpl_sercom.o
 .text._i2c_m_sync_init
                0x00001230       0x30 hpl/sercom/hpl_sercom.o
                0x00001230                _i2c_m_sync_init
 .text._i2c_m_sync_enable
                0x00001260       0x80 hpl/sercom/hpl_sercom.o
                0x00001260                _i2c_m_sync_enable
 .text._i2c_m_sync_transfer
                0x000012e0      0x27c hpl/sercom/hpl_sercom.o
                0x000012e0                _i2c_m_sync_transfer
 .text._system_time_init
                0x0000155c       0x14 hpl/systick/hpl_systick.o
                0x0000155c                _system_time_init
 .text._delay_init
                0x00001570        0xc hpl/systick/hpl_systick.o
                0x00001570                _delay_init
 .text.tcc_pwm_interrupt_handler
                0x0000157c       0x2e hpl/tcc/hpl_tcc.o
 *fill*         0x000015aa        0x2 
 .text.TCC0_Handler
                0x000015ac       0x14 hpl/tcc/hpl_tcc.o
                0x000015ac                TCC0_Handler
 .text._tc_start_pwm
                0x000015c0       0x12 hpl/tc/hpl_tc.o
                0x000015c0                _tc_start_pwm
 .text._tc_stop_pwm
                0x000015d2       0x12 hpl/tc/hpl_tc.o
                0x000015d2                _tc_stop_pwm
 .text._tc_is_pwm_enabled
                0x000015e4       0x12 hpl/tc/hpl_tc.o
                0x000015e4                _tc_is_pwm_enabled
 .text.tc_pwm_interrupt_handler
                0x000015f6       0x2e hpl/tc/hpl_tc.o
 .text._tc_init_irq_param
                0x00001624       0x18 hpl/tc/hpl_tc.o
 .text.get_tc_index
                0x0000163c       0x4c hpl/tc/hpl_tc.o
 .text._tc_pwm_init
                0x00001688      0x168 hpl/tc/hpl_tc.o
                0x00001688                _tc_pwm_init
 .text._tc_set_pwm_param
                0x000017f0       0x80 hpl/tc/hpl_tc.o
                0x000017f0                _tc_set_pwm_param
 .text._tc_pwm_get_period
                0x00001870       0x40 hpl/tc/hpl_tc.o
                0x00001870                _tc_pwm_get_period
 .text._tc_pwm_get_duty
                0x000018b0       0x64 hpl/tc/hpl_tc.o
                0x000018b0                _tc_pwm_get_duty
 .text._tc_pwm_deinit
                0x00001914       0x74 hpl/tc/hpl_tc.o
                0x00001914                _tc_pwm_deinit
 .text._tc_pwm_set_irq_state
                0x00001988       0x50 hpl/tc/hpl_tc.o
                0x00001988                _tc_pwm_set_irq_state
 .text._tc_get_pwm
                0x000019d8        0xc hpl/tc/hpl_tc.o
                0x000019d8                _tc_get_pwm
 .text.TC3_Handler
                0x000019e4       0x14 hpl/tc/hpl_tc.o
                0x000019e4                TC3_Handler
 .text.main     0x000019f8       0xc8 main.o
                0x000019f8                main
 .text.sleepmgr_event_callback
                0x00001ac0       0x68 sleep_manager/sleep_manager.o
 .text.sleepmgr_init
                0x00001b28       0x30 sleep_manager/sleep_manager.o
                0x00001b28                sleepmgr_init
 .text.sleepmgr_register_ready_to_sleep_callback
                0x00001b58       0x2c sleep_manager/sleep_manager.o
                0x00001b58                sleepmgr_register_ready_to_sleep_callback
 .text.sleep_cb
                0x00001b84        0x6 sleep_manager_main.o
 *fill*         0x00001b8a        0x2 
 .text.sleep_manager_init
                0x00001b8c       0x24 sleep_manager_main.o
                0x00001b8c                sleep_manager_init
 .text.watch_init
                0x00001bb0        0x2 watch-library/watch.o
                0x00001bb0                watch_init
 *fill*         0x00001bb2        0x2 
 .text.watch_enable_led
                0x00001bb4       0x30 watch-library/watch.o
                0x00001bb4                watch_enable_led
 .text.watch_set_led_color
                0x00001be4        0xc watch-library/watch.o
                0x00001be4                watch_set_led_color
 .text.watch_set_led_red
                0x00001bf0       0x14 watch-library/watch.o
                0x00001bf0                watch_set_led_red
 .text.watch_set_led_green
                0x00001c04       0x14 watch-library/watch.o
                0x00001c04                watch_set_led_green
 .text.watch_enable_date_time
                0x00001c18       0x1c watch-library/watch.o
                0x00001c18                watch_enable_date_time
 .text.watch_set_date_time
                0x00001c34       0x2c watch-library/watch.o
                0x00001c34                watch_set_date_time
 .text.watch_get_date_time
                0x00001c60       0x14 watch-library/watch.o
                0x00001c60                watch_get_date_time
 .text.watch_enable_digital_output
                0x00001c74       0x44 watch-library/watch.o
                0x00001c74                watch_enable_digital_output
 .text.watch_enable_i2c
                0x00001cb8       0x2c watch-library/watch.o
                0x00001cb8                watch_enable_i2c
 .text.watch_i2c_send
                0x00001ce4       0x30 watch-library/watch.o
                0x00001ce4                watch_i2c_send
 .text.watch_i2c_receive
                0x00001d14       0x30 watch-library/watch.o
                0x00001d14                watch_i2c_receive
 .text          0x00001d44      0x114 c:/program files (x86)/atmel/studio/7.0/toolchain/arm/arm-gnu-toolchain/bin/../lib/gcc/arm-none-eabi/6.3.1/thumb/v6-m\libgcc.a(_udivsi3.o)
                0x00001d44                __aeabi_uidiv
                0x00001d44                __udivsi3
                0x00001e50                __aeabi_uidivmod
 .text          0x00001e58        0x4 c:/program files (x86)/atmel/studio/7.0/toolchain/arm/arm-gnu-toolchain/bin/../lib/gcc/arm-none-eabi/6.3.1/thumb/v6-m\libgcc.a(_dvmd_tls.o)
                0x00001e58                __aeabi_idiv0
                0x00001e58                __aeabi_ldiv0
 .text          0x00001e5c       0x14 c:/program files (x86)/atmel/studio/7.0/toolchain/arm/arm-gnu-toolchain/bin/../lib/gcc/arm-none-eabi/6.3.1/thumb/v6-m\libgcc.a(_ffssi2.o)
                0x00001e5c                __ffssi2
 .text          0x00001e70       0x40 c:/program files (x86)/atmel/studio/7.0/toolchain/arm/arm-gnu-toolchain/bin/../lib/gcc/arm-none-eabi/6.3.1/thumb/v6-m\libgcc.a(_ctzsi2.o)
                0x00001e70                __ctzsi2
 .text.__libc_init_array
                0x00001eb0       0x48 c:/program files (x86)/atmel/studio/7.0/toolchain/arm/arm-gnu-toolchain/bin/../lib/gcc/arm-none-eabi/6.3.1/../../../../arm-none-eabi/lib/thumb/v6-m\libc_nano.a(lib_a-init.o)
                0x00001eb0                __libc_init_array
 *(.glue_7t)
 .glue_7t       0x00001ef8        0x0 linker stubs
 *(.glue_7)
 .glue_7        0x00001ef8        0x0 linker stubs
 *(.rodata .rodata* .gnu.linkonce.r.*)
 .rodata        0x00001ef8       0x98 hal/src/hal_calendar.o
 .rodata.str1.4
                0x00001f90       0x1a hal/src/hal_calendar.o
 *fill*         0x00001faa        0x2 
 .rodata.str1.4
                0x00001fac       0x1c hal/src/hal_i2c_m_sync.o
 .rodata.str1.4
                0x00001fc8       0x14 hal/src/hal_io.o
 .rodata.str1.4
                0x00001fdc       0x15 hal/src/hal_pwm.o
 *fill*         0x00001ff1        0x3 
 .rodata.str1.4
                0x00001ff4       0x1f hal/utils/src/utils_event.o
 *fill*         0x00002013        0x1 
 .rodata.str1.4
                0x00002014       0x1e hal/utils/src/utils_list.o
 *fill*         0x00002032        0x2 
 .rodata        0x00002034       0x18 hpl/eic/hpl_eic.o
 .rodata.str1.4
                0x0000204c       0x15 hpl/eic/hpl_eic.o
 *fill*         0x00002061        0x3 
 .rodata.str1.4
                0x00002064       0x15 hpl/rtc/hpl_rtc.o
 *fill*         0x00002079        0x3 
 .rodata        0x0000207c       0x4d hpl/sercom/hpl_sercom.o
 *fill*         0x000020c9        0x3 
 .rodata.str1.4
                0x000020cc       0x1b hpl/sercom/hpl_sercom.o
 *fill*         0x000020e7        0x1 
 .rodata.str1.4
                0x000020e8       0x13 hpl/tc/hpl_tc.o
 *fill*         0x000020fb        0x1 
 .rodata.str1.4
                0x000020fc       0x24 sleep_manager/sleep_manager.o
                                 0x21 (size before relaxing)
 *(.ARM.extab* .gnu.linkonce.armextab.*)
                0x00002120                . = ALIGN (0x4)
 *(.init)
 .init          0x00002120        0x4 c:/program files (x86)/atmel/studio/7.0/toolchain/arm/arm-gnu-toolchain/bin/../lib/gcc/arm-none-eabi/6.3.1/thumb/v6-m/crti.o
                0x00002120                _init
 .init          0x00002124        0x8 c:/program files (x86)/atmel/studio/7.0/toolchain/arm/arm-gnu-toolchain/bin/../lib/gcc/arm-none-eabi/6.3.1/thumb/v6-m/crtn.o
                0x0000212c                . = ALIGN (0x4)
                0x0000212c                __preinit_array_start = .
 *(.preinit_array)
                0x0000212c                __preinit_array_end = .
                0x0000212c                . = ALIGN (0x4)
                0x0000212c                __init_array_start = .
 *(SORT(.init_array.*))
 *(.init_array)
 .init_array    0x0000212c        0x4 c:/program files (x86)/atmel/studio/7.0/toolchain/arm/arm-gnu-toolchain/bin/../lib/gcc/arm-none-eabi/6.3.1/thumb/v6-m/crtbegin.o
                0x00002130                __init_array_end = .
                0x00002130                . = ALIGN (0x4)
 *crtbegin.o(.ctors)
 *(EXCLUDE_FILE(*crtend.o) .ctors)
 *(SORT(.ctors.*))
 *crtend.o(.ctors)
                0x00002130                . = ALIGN (0x4)
 *(.fini)
 .fini          0x00002130        0x4 c:/program files (x86)/atmel/studio/7.0/toolchain/arm/arm-gnu-toolchain/bin/../lib/gcc/arm-none-eabi/6.3.1/thumb/v6-m/crti.o
                0x00002130                _fini
 .fini          0x00002134        0x8 c:/program files (x86)/atmel/studio/7.0/toolchain/arm/arm-gnu-toolchain/bin/../lib/gcc/arm-none-eabi/6.3.1/thumb/v6-m/crtn.o
                0x0000213c                . = ALIGN (0x4)
                0x0000213c                __fini_array_start = .
 *(.fini_array)
 .fini_array    0x0000213c        0x4 c:/program files (x86)/atmel/studio/7.0/toolchain/arm/arm-gnu-toolchain/bin/../lib/gcc/arm-none-eabi/6.3.1/thumb/v6-m/crtbegin.o
 *(SORT(.fini_array.*))
                0x00002140                __fini_array_end = .
 *crtbegin.o(.dtors)
 *(EXCLUDE_FILE(*crtend.o) .dtors)
 *(SORT(.dtors.*))
 *crtend.o(.dtors)
                0x00002140                . = ALIGN (0x4)
                0x00002140                _efixed = .
                [!provide]                PROVIDE (__exidx_start, .)

.vfp11_veneer   0x00002140        0x0
 .vfp11_veneer  0x00002140        0x0 linker stubs

.v4_bx          0x00002140        0x0
 .v4_bx         0x00002140        0x0 linker stubs

.iplt           0x00002140        0x0
 .iplt          0x00002140        0x0 c:/program files (x86)/atmel/studio/7.0/toolchain/arm/arm-gnu-toolchain/bin/../lib/gcc/arm-none-eabi/6.3.1/thumb/v6-m/crtbegin.o

.eh_frame       0x00002140        0x0
 .eh_frame      0x00002140        0x0 c:/program files (x86)/atmel/studio/7.0/toolchain/arm/arm-gnu-toolchain/bin/../lib/gcc/arm-none-eabi/6.3.1/thumb/v6-m/crtbegin.o

.rel.dyn        0x00002140        0x0
 .rel.iplt      0x00002140        0x0 c:/program files (x86)/atmel/studio/7.0/toolchain/arm/arm-gnu-toolchain/bin/../lib/gcc/arm-none-eabi/6.3.1/thumb/v6-m/crtbegin.o

.jcr            0x00002140        0x0
 .jcr           0x00002140        0x0 c:/program files (x86)/atmel/studio/7.0/toolchain/arm/arm-gnu-toolchain/bin/../lib/gcc/arm-none-eabi/6.3.1/thumb/v6-m/crtbegin.o

.igot.plt       0x00002140        0x0
 .igot.plt      0x00002140        0x0 c:/program files (x86)/atmel/studio/7.0/toolchain/arm/arm-gnu-toolchain/bin/../lib/gcc/arm-none-eabi/6.3.1/thumb/v6-m/crtbegin.o

.ARM.exidx
 *(.ARM.exidx* .gnu.linkonce.armexidx.*)
                [!provide]                PROVIDE (__exidx_end, .)
                0x00002140                . = ALIGN (0x4)
                0x00002140                _etext = .

.relocate       0x20000000       0x38 load address 0x00002140
                0x20000000                . = ALIGN (0x4)
                0x20000000                _srelocate = .
 *(.ramfunc .ramfunc.*)
 *(.data .data.*)
 .data          0x20000000       0x38 hpl/tc/hpl_tc.o
                0x20000038                . = ALIGN (0x4)
                0x20000038                _erelocate = .

.bss            0x20000038       0xe4 load address 0x00002178
                0x20000038                . = ALIGN (0x4)
                0x20000038                _sbss = .
                0x20000038                _szero = .
 *(.bss .bss.*)
 .bss           0x20000038       0x1c c:/program files (x86)/atmel/studio/7.0/toolchain/arm/arm-gnu-toolchain/bin/../lib/gcc/arm-none-eabi/6.3.1/thumb/v6-m/crtbegin.o
 .bss           0x20000054        0x4 hal/src/hal_delay.o
 .bss           0x20000058        0x5 hal/utils/src/utils_event.o
 *fill*         0x2000005d        0x3 
 .bss           0x20000060        0x4 hpl/eic/hpl_eic.o
 .bss           0x20000064        0x4 hpl/rtc/hpl_rtc.o
 .bss           0x20000068        0x4 hpl/tcc/hpl_tcc.o
 .bss           0x2000006c        0x4 hpl/tc/hpl_tc.o
 .bss           0x20000070       0x18 sleep_manager/sleep_manager.o
 .bss           0x20000088        0x8 sleep_manager_main.o
 *(COMMON)
 COMMON         0x20000090       0x88 driver_init.o
                0x20000090                PWM_0
                0x200000b0                ADC_0
                0x200000b4                CALENDAR_0
                0x200000d4                SEGMENT_LCD_0
                0x200000d8                PWM_1
                0x200000f8                I2C_0
 COMMON         0x20000118        0x4 main.o
                0x20000118                I2C_0_io
                0x2000011c                . = ALIGN (0x4)
                0x2000011c                _ebss = .
                0x2000011c                _ezero = .

.stack          0x2000011c     0x2004 load address 0x0000225c
                0x20000120                . = ALIGN (0x8)
 *fill*         0x2000011c        0x4 
                0x20000120                _sstack = .
                0x20002120                . = (. + STACK_SIZE)
 *fill*         0x20000120     0x2000 
                0x20002120                . = ALIGN (0x8)
                0x20002120                _estack = .
                0x20002120                . = ALIGN (0x4)
                0x20002120                _end = .
OUTPUT(My Project.elf elf32-littlearm)

.ARM.attributes
                0x00000000       0x28
 .ARM.attributes
                0x00000000       0x1e c:/program files (x86)/atmel/studio/7.0/toolchain/arm/arm-gnu-toolchain/bin/../lib/gcc/arm-none-eabi/6.3.1/thumb/v6-m/crti.o
 .ARM.attributes
                0x0000001e       0x2c c:/program files (x86)/atmel/studio/7.0/toolchain/arm/arm-gnu-toolchain/bin/../lib/gcc/arm-none-eabi/6.3.1/thumb/v6-m/crtbegin.o
 .ARM.attributes
                0x0000004a       0x32 atmel_start.o
 .ARM.attributes
                0x0000007c       0x32 Device_Startup/startup_saml22.o
 .ARM.attributes
                0x000000ae       0x32 driver_init.o
 .ARM.attributes
                0x000000e0       0x32 hal/src/hal_calendar.o
 .ARM.attributes
                0x00000112       0x32 hal/src/hal_delay.o
 .ARM.attributes
                0x00000144       0x32 hal/src/hal_i2c_m_sync.o
 .ARM.attributes
                0x00000176       0x32 hal/src/hal_io.o
 .ARM.attributes
                0x000001a8       0x32 hal/src/hal_pwm.o
 .ARM.attributes
                0x000001da       0x32 hal/utils/src/utils_assert.o
 .ARM.attributes
                0x0000020c       0x32 hal/utils/src/utils_event.o
 .ARM.attributes
                0x0000023e       0x32 hal/utils/src/utils_list.o
 .ARM.attributes
                0x00000270       0x32 hpl/core/hpl_init.o
 .ARM.attributes
                0x000002a2       0x32 hpl/eic/hpl_eic.o
 .ARM.attributes
                0x000002d4       0x32 hpl/gclk/hpl_gclk.o
 .ARM.attributes
                0x00000306       0x32 hpl/mclk/hpl_mclk.o
 .ARM.attributes
                0x00000338       0x32 hpl/osc32kctrl/hpl_osc32kctrl.o
 .ARM.attributes
                0x0000036a       0x32 hpl/oscctrl/hpl_oscctrl.o
 .ARM.attributes
                0x0000039c       0x32 hpl/pm/hpl_pm.o
 .ARM.attributes
                0x000003ce       0x32 hpl/rtc/hpl_rtc.o
 .ARM.attributes
                0x00000400       0x32 hpl/sercom/hpl_sercom.o
 .ARM.attributes
                0x00000432       0x32 hpl/systick/hpl_systick.o
 .ARM.attributes
                0x00000464       0x32 hpl/tcc/hpl_tcc.o
 .ARM.attributes
                0x00000496       0x32 hpl/tc/hpl_tc.o
 .ARM.attributes
                0x000004c8       0x32 main.o
 .ARM.attributes
                0x000004fa       0x32 sleep_manager/sleep_manager.o
 .ARM.attributes
                0x0000052c       0x32 sleep_manager_main.o
 .ARM.attributes
                0x0000055e       0x32 watch-library/watch.o
 .ARM.attributes
                0x00000590       0x1e c:/program files (x86)/atmel/studio/7.0/toolchain/arm/arm-gnu-toolchain/bin/../lib/gcc/arm-none-eabi/6.3.1/thumb/v6-m\libgcc.a(_udivsi3.o)
 .ARM.attributes
                0x000005ae       0x1e c:/program files (x86)/atmel/studio/7.0/toolchain/arm/arm-gnu-toolchain/bin/../lib/gcc/arm-none-eabi/6.3.1/thumb/v6-m\libgcc.a(_dvmd_tls.o)
 .ARM.attributes
                0x000005cc       0x2c c:/program files (x86)/atmel/studio/7.0/toolchain/arm/arm-gnu-toolchain/bin/../lib/gcc/arm-none-eabi/6.3.1/thumb/v6-m\libgcc.a(_ffssi2.o)
 .ARM.attributes
                0x000005f8       0x1e c:/program files (x86)/atmel/studio/7.0/toolchain/arm/arm-gnu-toolchain/bin/../lib/gcc/arm-none-eabi/6.3.1/thumb/v6-m\libgcc.a(_ctzsi2.o)
 .ARM.attributes
                0x00000616       0x2c c:/program files (x86)/atmel/studio/7.0/toolchain/arm/arm-gnu-toolchain/bin/../lib/gcc/arm-none-eabi/6.3.1/../../../../arm-none-eabi/lib/thumb/v6-m\libc_nano.a(lib_a-init.o)
 .ARM.attributes
                0x00000642       0x1e c:/program files (x86)/atmel/studio/7.0/toolchain/arm/arm-gnu-toolchain/bin/../lib/gcc/arm-none-eabi/6.3.1/thumb/v6-m/crtn.o

.comment        0x00000000       0x59
 .comment       0x00000000       0x59 atmel_start.o
                                 0x5a (size before relaxing)
 .comment       0x00000059       0x5a Device_Startup/startup_saml22.o
 .comment       0x00000059       0x5a driver_init.o
 .comment       0x00000059       0x5a hal/src/hal_calendar.o
 .comment       0x00000059       0x5a hal/src/hal_delay.o
 .comment       0x00000059       0x5a hal/src/hal_i2c_m_sync.o
 .comment       0x00000059       0x5a hal/src/hal_io.o
 .comment       0x00000059       0x5a hal/src/hal_pwm.o
 .comment       0x00000059       0x5a hal/utils/src/utils_assert.o
 .comment       0x00000059       0x5a hal/utils/src/utils_event.o
 .comment       0x00000059       0x5a hal/utils/src/utils_list.o
 .comment       0x00000059       0x5a hpl/core/hpl_init.o
 .comment       0x00000059       0x5a hpl/eic/hpl_eic.o
 .comment       0x00000059       0x5a hpl/gclk/hpl_gclk.o
 .comment       0x00000059       0x5a hpl/mclk/hpl_mclk.o
 .comment       0x00000059       0x5a hpl/osc32kctrl/hpl_osc32kctrl.o
 .comment       0x00000059       0x5a hpl/oscctrl/hpl_oscctrl.o
 .comment       0x00000059       0x5a hpl/pm/hpl_pm.o
 .comment       0x00000059       0x5a hpl/rtc/hpl_rtc.o
 .comment       0x00000059       0x5a hpl/sercom/hpl_sercom.o
 .comment       0x00000059       0x5a hpl/systick/hpl_systick.o
 .comment       0x00000059       0x5a hpl/tcc/hpl_tcc.o
 .comment       0x00000059       0x5a hpl/tc/hpl_tc.o
 .comment       0x00000059       0x5a main.o
 .comment       0x00000059       0x5a sleep_manager/sleep_manager.o
 .comment       0x00000059       0x5a sleep_manager_main.o
 .comment       0x00000059       0x5a watch-library/watch.o

.debug_info     0x00000000    0x315e1
 .debug_info    0x00000000      0x731 atmel_start.o
 .debug_info    0x00000731      0x4db Device_Startup/startup_saml22.o
 .debug_info    0x00000c0c     0xe2ae driver_init.o
 .debug_info    0x0000eeba     0x11d1 hal/src/hal_calendar.o
 .debug_info    0x0001008b      0x1dc hal/src/hal_delay.o
 .debug_info    0x00010267      0x878 hal/src/hal_i2c_m_sync.o
 .debug_info    0x00010adf      0x2b2 hal/src/hal_io.o
 .debug_info    0x00010d91      0x718 hal/src/hal_pwm.o
 .debug_info    0x000114a9      0x107 hal/utils/src/utils_assert.o
 .debug_info    0x000115b0      0xded hal/utils/src/utils_event.o
 .debug_info    0x0001239d      0x314 hal/utils/src/utils_list.o
 .debug_info    0x000126b1      0x6d3 hpl/core/hpl_init.o
 .debug_info    0x00012d84     0x1aa4 hpl/eic/hpl_eic.o
 .debug_info    0x00014828      0x5e0 hpl/gclk/hpl_gclk.o
 .debug_info    0x00014e08      0x810 hpl/mclk/hpl_mclk.o
 .debug_info    0x00015618      0x83a hpl/osc32kctrl/hpl_osc32kctrl.o
 .debug_info    0x00015e52      0xf74 hpl/oscctrl/hpl_oscctrl.o
 .debug_info    0x00016dc6      0x800 hpl/pm/hpl_pm.o
 .debug_info    0x000175c6     0x3ec0 hpl/rtc/hpl_rtc.o
 .debug_info    0x0001b486     0xb366 hpl/sercom/hpl_sercom.o
 .debug_info    0x000267ec      0x25e hpl/systick/hpl_systick.o
 .debug_info    0x00026a4a     0x351a hpl/tcc/hpl_tcc.o
 .debug_info    0x00029f64     0x2882 hpl/tc/hpl_tc.o
 .debug_info    0x0002c7e6     0x1100 main.o
 .debug_info    0x0002d8e6      0x7fd sleep_manager/sleep_manager.o
 .debug_info    0x0002e0e3      0x806 sleep_manager_main.o
 .debug_info    0x0002e8e9     0x2cf8 watch-library/watch.o

.debug_abbrev   0x00000000     0x4084
 .debug_abbrev  0x00000000      0x104 atmel_start.o
 .debug_abbrev  0x00000104      0x142 Device_Startup/startup_saml22.o
 .debug_abbrev  0x00000246      0x37f driver_init.o
 .debug_abbrev  0x000005c5      0x2be hal/src/hal_calendar.o
 .debug_abbrev  0x00000883       0xe1 hal/src/hal_delay.o
 .debug_abbrev  0x00000964      0x1a6 hal/src/hal_i2c_m_sync.o
 .debug_abbrev  0x00000b0a      0x115 hal/src/hal_io.o
 .debug_abbrev  0x00000c1f      0x180 hal/src/hal_pwm.o
 .debug_abbrev  0x00000d9f       0x86 hal/utils/src/utils_assert.o
 .debug_abbrev  0x00000e25      0x275 hal/utils/src/utils_event.o
 .debug_abbrev  0x0000109a      0x152 hal/utils/src/utils_list.o
 .debug_abbrev  0x000011ec      0x1d9 hpl/core/hpl_init.o
 .debug_abbrev  0x000013c5      0x42e hpl/eic/hpl_eic.o
 .debug_abbrev  0x000017f3      0x195 hpl/gclk/hpl_gclk.o
 .debug_abbrev  0x00001988      0x1e6 hpl/mclk/hpl_mclk.o
 .debug_abbrev  0x00001b6e      0x1e3 hpl/osc32kctrl/hpl_osc32kctrl.o
 .debug_abbrev  0x00001d51      0x210 hpl/oscctrl/hpl_oscctrl.o
 .debug_abbrev  0x00001f61      0x229 hpl/pm/hpl_pm.o
 .debug_abbrev  0x0000218a      0x455 hpl/rtc/hpl_rtc.o
 .debug_abbrev  0x000025df      0x593 hpl/sercom/hpl_sercom.o
 .debug_abbrev  0x00002b72      0x172 hpl/systick/hpl_systick.o
 .debug_abbrev  0x00002ce4      0x51d hpl/tcc/hpl_tcc.o
 .debug_abbrev  0x00003201      0x4f2 hpl/tc/hpl_tc.o
 .debug_abbrev  0x000036f3      0x2a6 main.o
 .debug_abbrev  0x00003999      0x205 sleep_manager/sleep_manager.o
 .debug_abbrev  0x00003b9e      0x151 sleep_manager_main.o
 .debug_abbrev  0x00003cef      0x395 watch-library/watch.o

.debug_loc      0x00000000    0x11a80
 .debug_loc     0x00000000       0x20 atmel_start.o
 .debug_loc     0x00000020       0x78 Device_Startup/startup_saml22.o
 .debug_loc     0x00000098     0x35de driver_init.o
 .debug_loc     0x00003676      0xdee hal/src/hal_calendar.o
 .debug_loc     0x00004464       0xc3 hal/src/hal_delay.o
 .debug_loc     0x00004527      0x6f5 hal/src/hal_i2c_m_sync.o
 .debug_loc     0x00004c1c      0x1b6 hal/src/hal_io.o
 .debug_loc     0x00004dd2      0x4ff hal/src/hal_pwm.o
 .debug_loc     0x000052d1      0x3da hal/utils/src/utils_event.o
 .debug_loc     0x000056ab      0x213 hal/utils/src/utils_list.o
 .debug_loc     0x000058be       0x4c hpl/core/hpl_init.o
 .debug_loc     0x0000590a      0x68b hpl/eic/hpl_eic.o
 .debug_loc     0x00005f95      0x153 hpl/gclk/hpl_gclk.o
 .debug_loc     0x000060e8       0x58 hpl/mclk/hpl_mclk.o
 .debug_loc     0x00006140      0x12a hpl/osc32kctrl/hpl_osc32kctrl.o
 .debug_loc     0x0000626a       0x18 hpl/oscctrl/hpl_oscctrl.o
 .debug_loc     0x00006282      0x1a5 hpl/pm/hpl_pm.o
 .debug_loc     0x00006427     0x1265 hpl/rtc/hpl_rtc.o
 .debug_loc     0x0000768c     0x7da1 hpl/sercom/hpl_sercom.o
 .debug_loc     0x0000f42d       0xf9 hpl/systick/hpl_systick.o
 .debug_loc     0x0000f526      0xbae hpl/tcc/hpl_tcc.o
 .debug_loc     0x000100d4      0xbe0 hpl/tc/hpl_tc.o
 .debug_loc     0x00010cb4       0x92 main.o
 .debug_loc     0x00010d46      0x34c sleep_manager/sleep_manager.o
 .debug_loc     0x00011092       0x20 sleep_manager_main.o
 .debug_loc     0x000110b2      0x9ce watch-library/watch.o

.debug_aranges  0x00000000      0xd00
 .debug_aranges
                0x00000000       0x20 atmel_start.o
 .debug_aranges
                0x00000020       0x28 Device_Startup/startup_saml22.o
 .debug_aranges
                0x00000048       0xb0 driver_init.o
 .debug_aranges
                0x000000f8       0xa8 hal/src/hal_calendar.o
 .debug_aranges
                0x000001a0       0x38 hal/src/hal_delay.o
 .debug_aranges
                0x000001d8       0x88 hal/src/hal_i2c_m_sync.o
 .debug_aranges
                0x00000260       0x30 hal/src/hal_io.o
 .debug_aranges
                0x00000290       0x60 hal/src/hal_pwm.o
 .debug_aranges
                0x000002f0       0x20 hal/utils/src/utils_assert.o
 .debug_aranges
                0x00000310       0x30 hal/utils/src/utils_event.o
 .debug_aranges
                0x00000340       0x48 hal/utils/src/utils_list.o
 .debug_aranges
                0x00000388       0x20 hpl/core/hpl_init.o
 .debug_aranges
                0x000003a8       0x40 hpl/eic/hpl_eic.o
 .debug_aranges
                0x000003e8       0x28 hpl/gclk/hpl_gclk.o
 .debug_aranges
                0x00000410       0x20 hpl/mclk/hpl_mclk.o
 .debug_aranges
                0x00000430       0x20 hpl/osc32kctrl/hpl_osc32kctrl.o
 .debug_aranges
                0x00000450       0x28 hpl/oscctrl/hpl_oscctrl.o
 .debug_aranges
                0x00000478       0x30 hpl/pm/hpl_pm.o
 .debug_aranges
                0x000004a8       0xb0 hpl/rtc/hpl_rtc.o
 .debug_aranges
                0x00000558      0x508 hpl/sercom/hpl_sercom.o
 .debug_aranges
                0x00000a60       0x48 hpl/systick/hpl_systick.o
 .debug_aranges
                0x00000aa8       0x98 hpl/tcc/hpl_tcc.o
 .debug_aranges
                0x00000b40       0x90 hpl/tc/hpl_tc.o
 .debug_aranges
                0x00000bd0       0x20 main.o
 .debug_aranges
                0x00000bf0       0x58 sleep_manager/sleep_manager.o
 .debug_aranges
                0x00000c48       0x28 sleep_manager_main.o
 .debug_aranges
                0x00000c70       0x90 watch-library/watch.o

.debug_ranges   0x00000000      0xd80
 .debug_ranges  0x00000000       0x10 atmel_start.o
 .debug_ranges  0x00000010       0x18 Device_Startup/startup_saml22.o
 .debug_ranges  0x00000028       0xa0 driver_init.o
 .debug_ranges  0x000000c8       0x98 hal/src/hal_calendar.o
 .debug_ranges  0x00000160       0x28 hal/src/hal_delay.o
 .debug_ranges  0x00000188       0x78 hal/src/hal_i2c_m_sync.o
 .debug_ranges  0x00000200       0x20 hal/src/hal_io.o
 .debug_ranges  0x00000220       0x50 hal/src/hal_pwm.o
 .debug_ranges  0x00000270       0x10 hal/utils/src/utils_assert.o
 .debug_ranges  0x00000280       0x20 hal/utils/src/utils_event.o
 .debug_ranges  0x000002a0       0x38 hal/utils/src/utils_list.o
 .debug_ranges  0x000002d8       0x10 hpl/core/hpl_init.o
 .debug_ranges  0x000002e8       0x48 hpl/eic/hpl_eic.o
 .debug_ranges  0x00000330       0x18 hpl/gclk/hpl_gclk.o
 .debug_ranges  0x00000348       0x10 hpl/mclk/hpl_mclk.o
 .debug_ranges  0x00000358       0x10 hpl/osc32kctrl/hpl_osc32kctrl.o
 .debug_ranges  0x00000368       0x18 hpl/oscctrl/hpl_oscctrl.o
 .debug_ranges  0x00000380       0x20 hpl/pm/hpl_pm.o
 .debug_ranges  0x000003a0       0xa0 hpl/rtc/hpl_rtc.o
 .debug_ranges  0x00000440      0x6c8 hpl/sercom/hpl_sercom.o
 .debug_ranges  0x00000b08       0x38 hpl/systick/hpl_systick.o
 .debug_ranges  0x00000b40       0xa0 hpl/tcc/hpl_tcc.o
 .debug_ranges  0x00000be0       0x98 hpl/tc/hpl_tc.o
 .debug_ranges  0x00000c78       0x10 main.o
 .debug_ranges  0x00000c88       0x60 sleep_manager/sleep_manager.o
 .debug_ranges  0x00000ce8       0x18 sleep_manager_main.o
 .debug_ranges  0x00000d00       0x80 watch-library/watch.o

.debug_macro    0x00000000    0x1de3f
 .debug_macro   0x00000000      0x667 atmel_start.o
 .debug_macro   0x00000667      0x89e atmel_start.o
 .debug_macro   0x00000f05      0x16d atmel_start.o
 .debug_macro   0x00001072       0x22 atmel_start.o
 .debug_macro   0x00001094       0x87 atmel_start.o
 .debug_macro   0x0000111b       0x51 atmel_start.o
 .debug_macro   0x0000116c       0xef atmel_start.o
 .debug_macro   0x0000125b       0x6a atmel_start.o
 .debug_macro   0x000012c5      0x1df atmel_start.o
 .debug_macro   0x000014a4       0x22 atmel_start.o
 .debug_macro   0x000014c6       0x3f atmel_start.o
 .debug_macro   0x00001505       0x1c atmel_start.o
 .debug_macro   0x00001521       0x22 atmel_start.o
 .debug_macro   0x00001543       0xb5 atmel_start.o
 .debug_macro   0x000015f8      0x4da atmel_start.o
 .debug_macro   0x00001ad2      0x11f atmel_start.o
 .debug_macro   0x00001bf1      0x714 atmel_start.o
 .debug_macro   0x00002305      0x959 atmel_start.o
 .debug_macro   0x00002c5e      0x279 atmel_start.o
 .debug_macro   0x00002ed7      0x21e atmel_start.o
 .debug_macro   0x000030f5      0xe12 atmel_start.o
 .debug_macro   0x00003f07      0x5e7 atmel_start.o
 .debug_macro   0x000044ee      0x5be atmel_start.o
 .debug_macro   0x00004aac      0x624 atmel_start.o
 .debug_macro   0x000050d0      0x172 atmel_start.o
 .debug_macro   0x00005242      0x26b atmel_start.o
 .debug_macro   0x000054ad      0x459 atmel_start.o
 .debug_macro   0x00005906      0x21c atmel_start.o
 .debug_macro   0x00005b22      0x768 atmel_start.o
 .debug_macro   0x0000628a      0x7c0 atmel_start.o
 .debug_macro   0x00006a4a      0x28e atmel_start.o
 .debug_macro   0x00006cd8      0x5d7 atmel_start.o
 .debug_macro   0x000072af      0x1c6 atmel_start.o
 .debug_macro   0x00007475      0x308 atmel_start.o
 .debug_macro   0x0000777d       0xac atmel_start.o
 .debug_macro   0x00007829     0x1c53 atmel_start.o
 .debug_macro   0x0000947c      0xff5 atmel_start.o
 .debug_macro   0x0000a471      0xd41 atmel_start.o
 .debug_macro   0x0000b1b2      0x874 atmel_start.o
 .debug_macro   0x0000ba26      0x8ae atmel_start.o
 .debug_macro   0x0000c2d4     0x19be atmel_start.o
 .debug_macro   0x0000dc92       0xe7 atmel_start.o
 .debug_macro   0x0000dd79      0xb7c atmel_start.o
 .debug_macro   0x0000e8f5      0x36a atmel_start.o
 .debug_macro   0x0000ec5f       0x7c atmel_start.o
 .debug_macro   0x0000ecdb       0xac atmel_start.o
 .debug_macro   0x0000ed87       0xca atmel_start.o
 .debug_macro   0x0000ee51       0x4c atmel_start.o
 .debug_macro   0x0000ee9d       0xdc atmel_start.o
 .debug_macro   0x0000ef79       0xb2 atmel_start.o
 .debug_macro   0x0000f02b       0x64 atmel_start.o
 .debug_macro   0x0000f08f      0x444 atmel_start.o
 .debug_macro   0x0000f4d3       0x4c atmel_start.o
 .debug_macro   0x0000f51f      0x149 atmel_start.o
 .debug_macro   0x0000f668       0x5e atmel_start.o
 .debug_macro   0x0000f6c6       0xa0 atmel_start.o
 .debug_macro   0x0000f766       0xc4 atmel_start.o
 .debug_macro   0x0000f82a       0xb2 atmel_start.o
 .debug_macro   0x0000f8dc       0x4c atmel_start.o
 .debug_macro   0x0000f928       0x64 atmel_start.o
 .debug_macro   0x0000f98c       0x40 atmel_start.o
 .debug_macro   0x0000f9cc      0x1da atmel_start.o
 .debug_macro   0x0000fba6       0x3a atmel_start.o
 .debug_macro   0x0000fbe0       0x22 atmel_start.o
 .debug_macro   0x0000fc02      0x15e atmel_start.o
 .debug_macro   0x0000fd60      0x173 atmel_start.o
 .debug_macro   0x0000fed3      0x173 atmel_start.o
 .debug_macro   0x00010046      0x173 atmel_start.o
 .debug_macro   0x000101b9      0x173 atmel_start.o
 .debug_macro   0x0001032c      0x11e atmel_start.o
 .debug_macro   0x0001044a       0x5e atmel_start.o
 .debug_macro   0x000104a8       0xfa atmel_start.o
 .debug_macro   0x000105a2       0xfa atmel_start.o
 .debug_macro   0x0001069c       0xfa atmel_start.o
 .debug_macro   0x00010796       0xfa atmel_start.o
 .debug_macro   0x00010890      0x124 atmel_start.o
 .debug_macro   0x000109b4       0x2e atmel_start.o
 .debug_macro   0x000109e2      0x1fa atmel_start.o
 .debug_macro   0x00010bdc       0x3a atmel_start.o
 .debug_macro   0x00010c16      0x3e6 atmel_start.o
 .debug_macro   0x00010ffc     0x20d6 atmel_start.o
 .debug_macro   0x000130d2       0x6d atmel_start.o
 .debug_macro   0x0001313f       0x10 atmel_start.o
 .debug_macro   0x0001314f       0x10 atmel_start.o
 .debug_macro   0x0001315f       0x16 atmel_start.o
 .debug_macro   0x00013175       0x16 atmel_start.o
 .debug_macro   0x0001318b       0x16 atmel_start.o
 .debug_macro   0x000131a1       0x16 atmel_start.o
 .debug_macro   0x000131b7       0x16 atmel_start.o
 .debug_macro   0x000131cd       0x16 atmel_start.o
 .debug_macro   0x000131e3       0x16 atmel_start.o
 .debug_macro   0x000131f9       0x16 atmel_start.o
 .debug_macro   0x0001320f       0x16 atmel_start.o
 .debug_macro   0x00013225       0x16 atmel_start.o
 .debug_macro   0x0001323b       0x16 atmel_start.o
 .debug_macro   0x00013251       0x16 atmel_start.o
 .debug_macro   0x00013267       0x16 atmel_start.o
 .debug_macro   0x0001327d       0x16 atmel_start.o
 .debug_macro   0x00013293       0x16 atmel_start.o
 .debug_macro   0x000132a9       0x16 atmel_start.o
 .debug_macro   0x000132bf       0x16 atmel_start.o
 .debug_macro   0x000132d5       0x16 atmel_start.o
 .debug_macro   0x000132eb       0x16 atmel_start.o
 .debug_macro   0x00013301       0x16 atmel_start.o
 .debug_macro   0x00013317       0x16 atmel_start.o
 .debug_macro   0x0001332d       0x16 atmel_start.o
 .debug_macro   0x00013343       0xbe atmel_start.o
 .debug_macro   0x00013401      0x28c atmel_start.o
 .debug_macro   0x0001368d       0x16 atmel_start.o
 .debug_macro   0x000136a3      0x277 atmel_start.o
 .debug_macro   0x0001391a       0x16 atmel_start.o
 .debug_macro   0x00013930       0xca atmel_start.o
 .debug_macro   0x000139fa       0x1c atmel_start.o
 .debug_macro   0x00013a16       0x16 atmel_start.o
 .debug_macro   0x00013a2c       0xcf atmel_start.o
 .debug_macro   0x00013afb      0x130 atmel_start.o
 .debug_macro   0x00013c2b       0x70 atmel_start.o
 .debug_macro   0x00013c9b       0x1c atmel_start.o
 .debug_macro   0x00013cb7       0xc9 atmel_start.o
 .debug_macro   0x00013d80       0x1c atmel_start.o
 .debug_macro   0x00013d9c       0x10 atmel_start.o
 .debug_macro   0x00013dac      0x34c Device_Startup/startup_saml22.o
 .debug_macro   0x000140f8       0x39 Device_Startup/startup_saml22.o
 .debug_macro   0x00014131      0x65f driver_init.o
 .debug_macro   0x00014790       0x69 driver_init.o
 .debug_macro   0x000147f9       0x87 driver_init.o
 .debug_macro   0x00014880       0x19 driver_init.o
 .debug_macro   0x00014899      0x532 hal/src/hal_calendar.o
 .debug_macro   0x00014dcb      0x4e2 hal/src/hal_delay.o
 .debug_macro   0x000152ad      0x4eb hal/src/hal_i2c_m_sync.o
 .debug_macro   0x00015798       0x6a hal/src/hal_i2c_m_sync.o
 .debug_macro   0x00015802      0x4c3 hal/src/hal_io.o
 .debug_macro   0x00015cc5      0x4e0 hal/src/hal_pwm.o
 .debug_macro   0x000161a5      0x4b9 hal/utils/src/utils_assert.o
 .debug_macro   0x0001665e      0x5a1 hal/utils/src/utils_event.o
 .debug_macro   0x00016bff       0x58 hal/utils/src/utils_event.o
 .debug_macro   0x00016c57       0x35 hal/utils/src/utils_event.o
 .debug_macro   0x00016c8c       0x9c hal/utils/src/utils_event.o
 .debug_macro   0x00016d28       0x58 hal/utils/src/utils_event.o
 .debug_macro   0x00016d80       0x1f hal/utils/src/utils_event.o
 .debug_macro   0x00016d9f       0x43 hal/utils/src/utils_event.o
 .debug_macro   0x00016de2       0x20 hal/utils/src/utils_event.o
 .debug_macro   0x00016e02      0x187 hal/utils/src/utils_event.o
 .debug_macro   0x00016f89      0x34d hal/utils/src/utils_event.o
 .debug_macro   0x000172d6       0x10 hal/utils/src/utils_event.o
 .debug_macro   0x000172e6       0x35 hal/utils/src/utils_event.o
 .debug_macro   0x0001731b      0x4bd hal/utils/src/utils_list.o
 .debug_macro   0x000177d8      0x53c hpl/core/hpl_init.o
 .debug_macro   0x00017d14       0x22 hpl/core/hpl_init.o
 .debug_macro   0x00017d36      0x772 hpl/core/hpl_init.o
 .debug_macro   0x000184a8      0x59c hpl/eic/hpl_eic.o
 .debug_macro   0x00018a44      0x256 hpl/eic/hpl_eic.o
 .debug_macro   0x00018c9a      0x4cc hpl/gclk/hpl_gclk.o
 .debug_macro   0x00019166      0x137 hpl/gclk/hpl_gclk.o
 .debug_macro   0x0001929d      0x4d1 hpl/mclk/hpl_mclk.o
 .debug_macro   0x0001976e      0x4bd hpl/osc32kctrl/hpl_osc32kctrl.o
 .debug_macro   0x00019c2b      0x4bd hpl/oscctrl/hpl_oscctrl.o
 .debug_macro   0x0001a0e8      0x1a0 hpl/oscctrl/hpl_oscctrl.o
 .debug_macro   0x0001a288      0x4c8 hpl/pm/hpl_pm.o
 .debug_macro   0x0001a750      0x4da hpl/rtc/hpl_rtc.o
 .debug_macro   0x0001ac2a       0xff hpl/rtc/hpl_rtc.o
 .debug_macro   0x0001ad29      0x71a hpl/sercom/hpl_sercom.o
 .debug_macro   0x0001b443       0x5f hpl/sercom/hpl_sercom.o
 .debug_macro   0x0001b4a2       0x10 hpl/sercom/hpl_sercom.o
 .debug_macro   0x0001b4b2       0x1c hpl/sercom/hpl_sercom.o
 .debug_macro   0x0001b4ce       0x22 hpl/sercom/hpl_sercom.o
 .debug_macro   0x0001b4f0       0x10 hpl/sercom/hpl_sercom.o
 .debug_macro   0x0001b500      0x4bd hpl/systick/hpl_systick.o
 .debug_macro   0x0001b9bd       0x10 hpl/systick/hpl_systick.o
 .debug_macro   0x0001b9cd      0x528 hpl/tcc/hpl_tcc.o
 .debug_macro   0x0001bef5      0x154 hpl/tcc/hpl_tcc.o
 .debug_macro   0x0001c049      0x540 hpl/tc/hpl_tc.o
 .debug_macro   0x0001c589       0x84 hpl/tc/hpl_tc.o
 .debug_macro   0x0001c60d      0x67c main.o
 .debug_macro   0x0001cc89      0x4fc sleep_manager/sleep_manager.o
 .debug_macro   0x0001d185      0x667 sleep_manager_main.o
 .debug_macro   0x0001d7ec      0x631 watch-library/watch.o
 .debug_macro   0x0001de1d       0x22 watch-library/watch.o

.debug_line     0x00000000    0x15702
 .debug_line    0x00000000      0xc8c atmel_start.o
 .debug_line    0x00000c8c      0x722 Device_Startup/startup_saml22.o
 .debug_line    0x000013ae     0x1105 driver_init.o
 .debug_line    0x000024b3      0xc8e hal/src/hal_calendar.o
 .debug_line    0x00003141      0xa3d hal/src/hal_delay.o
 .debug_line    0x00003b7e      0xb2d hal/src/hal_i2c_m_sync.o
 .debug_line    0x000046ab      0xa2a hal/src/hal_io.o
 .debug_line    0x000050d5      0xb42 hal/src/hal_pwm.o
 .debug_line    0x00005c17      0x9dc hal/utils/src/utils_assert.o
 .debug_line    0x000065f3      0xb49 hal/utils/src/utils_event.o
 .debug_line    0x0000713c      0xa75 hal/utils/src/utils_list.o
 .debug_line    0x00007bb1      0xad7 hpl/core/hpl_init.o
 .debug_line    0x00008688      0xbee hpl/eic/hpl_eic.o
 .debug_line    0x00009276      0xa45 hpl/gclk/hpl_gclk.o
 .debug_line    0x00009cbb      0xa23 hpl/mclk/hpl_mclk.o
 .debug_line    0x0000a6de      0xa26 hpl/osc32kctrl/hpl_osc32kctrl.o
 .debug_line    0x0000b104      0xa33 hpl/oscctrl/hpl_oscctrl.o
 .debug_line    0x0000bb37      0xa4c hpl/pm/hpl_pm.o
 .debug_line    0x0000c583     0x1025 hpl/rtc/hpl_rtc.o
 .debug_line    0x0000d5a8     0x2982 hpl/sercom/hpl_sercom.o
 .debug_line    0x0000ff2a      0xa67 hpl/systick/hpl_systick.o
 .debug_line    0x00010991      0xd7b hpl/tcc/hpl_tcc.o
 .debug_line    0x0001170c      0xd89 hpl/tc/hpl_tc.o
 .debug_line    0x00012495      0xccb main.o
 .debug_line    0x00013160      0xb24 sleep_manager/sleep_manager.o
 .debug_line    0x00013c84      0xc9b sleep_manager_main.o
 .debug_line    0x0001491f      0xde3 watch-library/watch.o

.debug_str      0x00000000    0x912d9
 .debug_str     0x00000000    0x7fe92 atmel_start.o
                              0x802fb (size before relaxing)
 .debug_str     0x0007fe92      0x383 Device_Startup/startup_saml22.o
                              0x7a5aa (size before relaxing)
 .debug_str     0x00080215     0x2aca driver_init.o
                              0x82e0b (size before relaxing)
 .debug_str     0x00082cdf      0x59f hal/src/hal_calendar.o
                              0x7f42c (size before relaxing)
 .debug_str     0x0008327e       0xb6 hal/src/hal_delay.o
                              0x7e855 (size before relaxing)
 .debug_str     0x00083334      0x170 hal/src/hal_i2c_m_sync.o
                              0x7f0ee (size before relaxing)
 .debug_str     0x000834a4       0x3d hal/src/hal_io.o
                              0x7e898 (size before relaxing)
 .debug_str     0x000834e1       0xaf hal/src/hal_pwm.o
                              0x7ef27 (size before relaxing)
 .debug_str     0x00083590       0x2a hal/utils/src/utils_assert.o
                              0x7e7fb (size before relaxing)
 .debug_str     0x000835ba     0x2d01 hal/utils/src/utils_event.o
                              0x81b74 (size before relaxing)
 .debug_str     0x000862bb       0x31 hal/utils/src/utils_list.o
                              0x7e8a5 (size before relaxing)
 .debug_str     0x000862ec     0x1a9b hpl/core/hpl_init.o
                              0x811a2 (size before relaxing)
 .debug_str     0x00087d87      0xf93 hpl/eic/hpl_eic.o
                              0x829c3 (size before relaxing)
 .debug_str     0x00088d1a      0x57e hpl/gclk/hpl_gclk.o
                              0x7ee6f (size before relaxing)
 .debug_str     0x00089298       0x77 hpl/mclk/hpl_mclk.o
                              0x7f075 (size before relaxing)
 .debug_str     0x0008930f      0x307 hpl/osc32kctrl/hpl_osc32kctrl.o
                              0x7ed5a (size before relaxing)
 .debug_str     0x00089616      0x956 hpl/oscctrl/hpl_oscctrl.o
                              0x7f1bf (size before relaxing)
 .debug_str     0x00089f6c      0x2bb hpl/pm/hpl_pm.o
                              0x7eadd (size before relaxing)
 .debug_str     0x0008a227      0x93a hpl/rtc/hpl_rtc.o
                              0x7fb35 (size before relaxing)
 .debug_str     0x0008ab61     0x4941 hpl/sercom/hpl_sercom.o
                              0x848c3 (size before relaxing)
 .debug_str     0x0008f4a2       0xcd hpl/systick/hpl_systick.o
                              0x7e843 (size before relaxing)
 .debug_str     0x0008f56f      0xf46 hpl/tcc/hpl_tcc.o
                              0x80c63 (size before relaxing)
 .debug_str     0x000904b5      0x9b4 hpl/tc/hpl_tc.o
                              0x8040c (size before relaxing)
 .debug_str     0x00090e69      0x147 main.o
                              0x80726 (size before relaxing)
 .debug_str     0x00090fb0      0x295 sleep_manager/sleep_manager.o
                              0x7f11c (size before relaxing)
 .debug_str     0x00091245       0x26 sleep_manager_main.o
                              0x803ad (size before relaxing)
 .debug_str     0x0009126b       0x6e watch-library/watch.o
                              0x8075a (size before relaxing)

.debug_frame    0x00000000     0x20dc
 .debug_frame   0x00000000       0x28 atmel_start.o
 .debug_frame   0x00000028       0x38 Device_Startup/startup_saml22.o
 .debug_frame   0x00000060      0x1e8 driver_init.o
 .debug_frame   0x00000248      0x204 hal/src/hal_calendar.o
 .debug_frame   0x0000044c       0x68 hal/src/hal_delay.o
 .debug_frame   0x000004b4      0x164 hal/src/hal_i2c_m_sync.o
 .debug_frame   0x00000618       0x58 hal/src/hal_io.o
 .debug_frame   0x00000670       0xec hal/src/hal_pwm.o
 .debug_frame   0x0000075c       0x20 hal/utils/src/utils_assert.o
 .debug_frame   0x0000077c       0x70 hal/utils/src/utils_event.o
 .debug_frame   0x000007ec       0x88 hal/utils/src/utils_list.o
 .debug_frame   0x00000874       0x28 hpl/core/hpl_init.o
 .debug_frame   0x0000089c       0x84 hpl/eic/hpl_eic.o
 .debug_frame   0x00000920       0x30 hpl/gclk/hpl_gclk.o
 .debug_frame   0x00000950       0x20 hpl/mclk/hpl_mclk.o
 .debug_frame   0x00000970       0x20 hpl/osc32kctrl/hpl_osc32kctrl.o
 .debug_frame   0x00000990       0x30 hpl/oscctrl/hpl_oscctrl.o
 .debug_frame   0x000009c0       0x40 hpl/pm/hpl_pm.o
 .debug_frame   0x00000a00      0x1c8 hpl/rtc/hpl_rtc.o
 .debug_frame   0x00000bc8      0xe9c hpl/sercom/hpl_sercom.o
 .debug_frame   0x00001a64       0x78 hpl/systick/hpl_systick.o
 .debug_frame   0x00001adc      0x16c hpl/tcc/hpl_tcc.o
 .debug_frame   0x00001c48      0x15c hpl/tc/hpl_tc.o
 .debug_frame   0x00001da4       0x2c main.o
 .debug_frame   0x00001dd0       0xe0 sleep_manager/sleep_manager.o
 .debug_frame   0x00001eb0       0x38 sleep_manager_main.o
 .debug_frame   0x00001ee8      0x180 watch-library/watch.o
 .debug_frame   0x00002068       0x20 c:/program files (x86)/atmel/studio/7.0/toolchain/arm/arm-gnu-toolchain/bin/../lib/gcc/arm-none-eabi/6.3.1/thumb/v6-m\libgcc.a(_udivsi3.o)
 .debug_frame   0x00002088       0x28 c:/program files (x86)/atmel/studio/7.0/toolchain/arm/arm-gnu-toolchain/bin/../lib/gcc/arm-none-eabi/6.3.1/thumb/v6-m\libgcc.a(_ffssi2.o)
 .debug_frame   0x000020b0       0x2c c:/program files (x86)/atmel/studio/7.0/toolchain/arm/arm-gnu-toolchain/bin/../lib/gcc/arm-none-eabi/6.3.1/../../../../arm-none-eabi/lib/thumb/v6-m\libc_nano.a(lib_a-init.o)
